--- structural-body ---
# Natural edit harness
Provider: zai / Model: glm-4.5-air
Iterations: 1
Timeout: 120000ms
Pi: /home/kenzo/.local/bin/pi
Blitz PATH prepend: /home/kenzo/dev/blitz/zig-out/bin
Scenario group: natural
Scenarios: 25
  ✓ structural-body / core: core_mutated (1/1 correct)
  ✗ structural-body / blitz: incorrect (0/1 correct)

Report JSON: /home/kenzo/dev/blitz/reports/natural-edit-harness/natural-edit-2026-06-12T06-18-13-991Z.json
Report MD:   /home/kenzo/dev/blitz/reports/natural-edit-harness/natural-edit-2026-06-12T06-18-13-991Z.md
--- no-op-idempotent ---
# Natural edit harness
Provider: zai / Model: glm-4.5-air
Iterations: 1
Timeout: 120000ms
Pi: /home/kenzo/.local/bin/pi
Blitz PATH prepend: /home/kenzo/dev/blitz/zig-out/bin
Scenario group: natural
Scenarios: 25
  ✗ no-op-idempotent / core: incorrect (1/1 correct)
  ○ no-op-idempotent / blitz: noop (1/1 correct)

Report JSON: /home/kenzo/dev/blitz/reports/natural-edit-harness/natural-edit-2026-06-12T06-21-05-521Z.json
Report MD:   /home/kenzo/dev/blitz/reports/natural-edit-harness/natural-edit-2026-06-12T06-21-05-521Z.md
--- same-file-doc-comments ---
# Natural edit harness
Provider: zai / Model: glm-4.5-air
Iterations: 1
Timeout: 120000ms
Pi: /home/kenzo/.local/bin/pi
Blitz PATH prepend: /home/kenzo/dev/blitz/zig-out/bin
Scenario group: natural
Scenarios: 25
  ✓ same-file-doc-comments / core: core_mutated (1/1 correct)
  ✓ same-file-doc-comments / blitz: blitz_mutated (1/1 correct)

Report JSON: /home/kenzo/dev/blitz/reports/natural-edit-harness/natural-edit-2026-06-12T06-23-12-120Z.json
Report MD:   /home/kenzo/dev/blitz/reports/natural-edit-harness/natural-edit-2026-06-12T06-23-12-120Z.md
--- structural-add-guard ---
# Natural edit harness
Provider: zai / Model: glm-4.5-air
Iterations: 1
Timeout: 120000ms
Pi: /home/kenzo/.local/bin/pi
Blitz PATH prepend: /home/kenzo/dev/blitz/zig-out/bin
Scenario group: natural
Scenarios: 25
  ✗ structural-add-guard / core: incorrect (0/1 correct)
  ✗ structural-add-guard / blitz: incorrect (0/1 correct)

Report JSON: /home/kenzo/dev/blitz/reports/natural-edit-harness/natural-edit-2026-06-12T06-23-29-139Z.json
Report MD:   /home/kenzo/dev/blitz/reports/natural-edit-harness/natural-edit-2026-06-12T06-23-29-139Z.md
--- import-insertion ---
# Natural edit harness
Provider: zai / Model: glm-4.5-air
Iterations: 1
Timeout: 120000ms
Pi: /home/kenzo/.local/bin/pi
Blitz PATH prepend: /home/kenzo/dev/blitz/zig-out/bin
Scenario group: natural
Scenarios: 25
  ✗ import-insertion / core: incorrect (0/1 correct)
  ✗ import-insertion / blitz: incorrect (0/1 correct)

Report JSON: /home/kenzo/dev/blitz/reports/natural-edit-harness/natural-edit-2026-06-12T06-23-48-058Z.json
Report MD:   /home/kenzo/dev/blitz/reports/natural-edit-harness/natural-edit-2026-06-12T06-23-48-058Z.md
--- import-removal ---
# Natural edit harness
Provider: zai / Model: glm-4.5-air
Iterations: 1
Timeout: 120000ms
Pi: /home/kenzo/.local/bin/pi
Blitz PATH prepend: /home/kenzo/dev/blitz/zig-out/bin
Scenario group: natural
Scenarios: 25
  ✓ import-removal / core: core_mutated (1/1 correct)
  ✗ import-removal / blitz: incorrect (0/1 correct)

Report JSON: /home/kenzo/dev/blitz/reports/natural-edit-harness/natural-edit-2026-06-12T06-24-05-198Z.json
Report MD:   /home/kenzo/dev/blitz/reports/natural-edit-harness/natural-edit-2026-06-12T06-24-05-198Z.md
--- import-order ---
# Natural edit harness
Provider: zai / Model: glm-4.5-air
Iterations: 1
Timeout: 120000ms
Pi: /home/kenzo/.local/bin/pi
Blitz PATH prepend: /home/kenzo/dev/blitz/zig-out/bin
Scenario group: natural
Scenarios: 25
  ✓ import-order / core: core_mutated (1/1 correct)
  ✗ import-order / blitz: incorrect (0/1 correct)

Report JSON: /home/kenzo/dev/blitz/reports/natural-edit-harness/natural-edit-2026-06-12T06-24-37-441Z.json
Report MD:   /home/kenzo/dev/blitz/reports/natural-edit-harness/natural-edit-2026-06-12T06-24-37-441Z.md
--- local-symbol-rename ---
# Natural edit harness
Provider: zai / Model: glm-4.5-air
Iterations: 1
Timeout: 120000ms
Pi: /home/kenzo/.local/bin/pi
Blitz PATH prepend: /home/kenzo/dev/blitz/zig-out/bin
Scenario group: natural
Scenarios: 25
  ✓ local-symbol-rename / core: core_mutated (1/1 correct)
  ✓ local-symbol-rename / blitz: blitz_mutated (1/1 correct)

Report JSON: /home/kenzo/dev/blitz/reports/natural-edit-harness/natural-edit-2026-06-12T06-25-07-357Z.json
Report MD:   /home/kenzo/dev/blitz/reports/natural-edit-harness/natural-edit-2026-06-12T06-25-07-357Z.md
--- no-op-format-already ---
# Natural edit harness
Provider: zai / Model: glm-4.5-air
Iterations: 1
Timeout: 120000ms
Pi: /home/kenzo/.local/bin/pi
Blitz PATH prepend: /home/kenzo/dev/blitz/zig-out/bin
Scenario group: natural
Scenarios: 25
  ○ no-op-format-already / core: noop (1/1 correct)
  ✗ no-op-format-already / blitz: incorrect (0/1 correct)

Report JSON: /home/kenzo/dev/blitz/reports/natural-edit-harness/natural-edit-2026-06-12T06-25-23-718Z.json
Report MD:   /home/kenzo/dev/blitz/reports/natural-edit-harness/natural-edit-2026-06-12T06-25-23-718Z.md
--- ambiguous-multi-match-safety ---
# Natural edit harness
Provider: zai / Model: glm-4.5-air
Iterations: 1
Timeout: 120000ms
Pi: /home/kenzo/.local/bin/pi
Blitz PATH prepend: /home/kenzo/dev/blitz/zig-out/bin
Scenario group: natural
Scenarios: 25
  ✗ ambiguous-multi-match-safety / core: safety_no_mutation (1/1 correct)
  ✗ ambiguous-multi-match-safety / blitz: safety_no_mutation (1/1 correct)

Report JSON: /home/kenzo/dev/blitz/reports/natural-edit-harness/natural-edit-2026-06-12T06-25-34-487Z.json
Report MD:   /home/kenzo/dev/blitz/reports/natural-edit-harness/natural-edit-2026-06-12T06-25-34-487Z.md
