--- tiny-exact blitz smoke ---
# Natural edit harness
Provider: zai / Model: glm-4.5-air
Iterations: 1
Timeout: 120000ms
Pi: /home/kenzo/.local/bin/pi
Blitz PATH prepend: /home/kenzo/dev/blitz/zig-out/bin
Scenario group: natural
Scenarios: 25
  ✓ tiny-exact / blitz: blitz_mutated (1/1 correct)

Report JSON: /home/kenzo/dev/blitz/reports/natural-edit-harness/natural-edit-2026-06-12T05-51-56-693Z.json
Report MD:   /home/kenzo/dev/blitz/reports/natural-edit-harness/natural-edit-2026-06-12T05-51-56-693Z.md
--- same-file-multi blitz smoke ---
# Natural edit harness
Provider: zai / Model: glm-4.5-air
Iterations: 1
Timeout: 120000ms
Pi: /home/kenzo/.local/bin/pi
Blitz PATH prepend: /home/kenzo/dev/blitz/zig-out/bin
Scenario group: natural
Scenarios: 25
  ✓ same-file-multi / blitz: blitz_mutated (1/1 correct)

Report JSON: /home/kenzo/dev/blitz/reports/natural-edit-harness/natural-edit-2026-06-12T05-52-01-974Z.json
Report MD:   /home/kenzo/dev/blitz/reports/natural-edit-harness/natural-edit-2026-06-12T05-52-01-974Z.md
