# Natural edit harness
Provider: zai / Model: glm-4.5-air
Iterations: 1
Timeout: 120000ms
Pi: /home/kenzo/.local/bin/pi
Blitz PATH prepend: /home/kenzo/dev/blitz/zig-out/bin
Scenario group: natural
Scenarios: 25
  ✓ tiny-exact / core: core_mutated (1/1 correct)
  ✓ tiny-exact / blitz: blitz_mutated (1/1 correct)
  ✓ mixed-config-doc / core: core_mutated (1/1 correct)
  ✓ mixed-config-doc / blitz: blitz_mutated (1/1 correct)
  ✓ same-file-multi / core: core_mutated (1/1 correct)
  ✓ same-file-multi / blitz: blitz_mutated (1/1 correct)
  ✗ structural-body / core: incorrect (0/1 correct)
  ✗ structural-body / blitz: incorrect (0/1 correct)
  ✗ no-op-idempotent / core: incorrect (0/1 correct)
  ○ no-op-idempotent / blitz: noop (1/1 correct)
  ✓ ambiguous-repeated-anchor / core: core_mutated (1/1 correct)
  ✓ ambiguous-repeated-anchor / blitz: blitz_mutated (1/1 correct)
  ✓ tiny-literal-message / core: core_mutated (1/1 correct)
  ✓ tiny-literal-message / blitz: blitz_mutated (1/1 correct)
  ✓ tiny-boolean-toggle / core: core_mutated (1/1 correct)
  ✓ tiny-boolean-toggle / blitz: blitz_mutated (1/1 correct)
  ✓ mixed-code-readme / core: core_mutated (1/1 correct)
  ✓ mixed-code-readme / blitz: blitz_mutated (1/1 correct)
  ✓ mixed-json-ts / core: core_mutated (1/1 correct)
  ✓ mixed-json-ts / blitz: blitz_mutated (1/1 correct)
  ✓ same-file-two-constants / core: core_mutated (1/1 correct)
  ✓ same-file-two-constants / blitz: blitz_mutated (1/1 correct)
  ✓ same-file-doc-comments / core: core_mutated (1/1 correct)
  ✗ same-file-doc-comments / blitz: incorrect (0/1 correct)
  ✗ structural-add-guard / core: incorrect (0/1 correct)
  ✗ structural-add-guard / blitz: incorrect (0/1 correct)
  ✓ structural-loop-body / core: core_mutated (1/1 correct)
  ✓ structural-loop-body / blitz: blitz_mutated (1/1 correct)
  ✓ docs-heading-update / core: core_mutated (1/1 correct)
  ✓ docs-heading-update / blitz: blitz_mutated (1/1 correct)
  ✓ config-env-update / core: core_mutated (1/1 correct)
  ✓ config-env-update / blitz: blitz_mutated (1/1 correct)
  ✓ tsx-button-prop-text / core: core_mutated (1/1 correct)
  ✓ tsx-button-prop-text / blitz: blitz_mutated (1/1 correct)
  ✓ jsx-aria-label / core: core_mutated (1/1 correct)
  ✓ jsx-aria-label / blitz: blitz_mutated (1/1 correct)
  ✗ import-insertion / core: incorrect (0/1 correct)
  ✗ import-insertion / blitz: incorrect (0/1 correct)
  ✓ import-removal / core: core_mutated (1/1 correct)
  ✗ import-removal / blitz: incorrect (0/1 correct)
  ✓ import-order / core: core_mutated (1/1 correct)
  ✗ import-order / blitz: incorrect (0/1 correct)
  ✗ local-symbol-rename / core: incorrect (0/1 correct)
  ✗ local-symbol-rename / blitz: incorrect (0/1 correct)
  ✓ local-helper-rename / core: core_mutated (1/1 correct)
  ✓ local-helper-rename / blitz: blitz_mutated (1/1 correct)
  ○ no-op-format-already / core: noop (1/1 correct)
  ✗ no-op-format-already / blitz: incorrect (0/1 correct)
  ✗ ambiguous-multi-match-safety / core: incorrect (0/1 correct)
  ✗ ambiguous-multi-match-safety / blitz: incorrect (0/1 correct)

Report JSON: /home/kenzo/dev/blitz/reports/natural-edit-harness/natural-edit-2026-06-12T05-52-47-609Z.json
Report MD:   /home/kenzo/dev/blitz/reports/natural-edit-harness/natural-edit-2026-06-12T05-52-47-609Z.md
