
<file name="/home/kenzo/dev/blitz/reports/pi-tmux-runs/20260608-first-slice-full-profile-retry-071648/semantic_class-method-try-catch__core__0/work/semantic.ts">
export async function loadUser(id: string): Promise<string> {
  const response = await fetch(`/api/users/${id}`);
  const payload = await response.json();
  return payload.name;
}

export class Scoreboard {
  renderScore(score: number): string {
    try {
      const rounded = Math.round(score);
      return `score:${rounded}`;
    } catch (error) {
      console.error(error);
      throw error;
    }
  }
}

export const pickLabel = (active: boolean): string => {
  if (active) {
    return "active";
  }
  return "idle";
};

export function classify(value: number): string {
  if (value < 0) {
    return "negative";
  }
  if (value === 0) {
    return "zero";
  }
  return "positive";
}

</file>
